// Jest Snapshot v1, https://goo.gl/fbAQLP

exports[`components/display/Button matches snapshot 1`] = `
<button
  className="loginButton"
  onClick={[MockFunction]}
>
  hello
</button>
`;
