// Jest Snapshot v1, https://goo.gl/fbAQLP

exports[`components/display/Header matches snapshot 1`] = `
<div
  className="head"
>
  <div
    className="gdprBanner"
  >
    We use cookies to improve your user experience on our site. By using Verisart you agree to our
    <a
      href="/privacy"
    >
       cookies and privacy policy
    </a>
    . Got it.
  </div>
  <div
    className="nav"
  >
    <div
      className="logoWrapper"
    >
      <a
        href="/"
      >
        <img
          className="logo"
          src="test-file-stub"
        />
      </a>
    </div>
    <nav
      className="navBar"
    >
      <div
        className="navOption"
      >
        <a
          href="/news"
        >
          news
        </a>
      </div>
      <div
        className="navOption"
      >
        <a
          href="/partners"
        >
          partners
        </a>
      </div>
      <div
        className="navOption"
      >
        <a
          href="/join"
        >
          join
        </a>
      </div>
      <div
        className="navOption"
      >
        <a
          href="/login"
        >
          log in
        </a>
      </div>
    </nav>
  </div>
</div>
`;
